[     223ms] [INFO] %cDownload the React DevTools for a better development experience: https://react.dev/link/react-devtools font-weight:bold @ http://localhost:3001/_next/static/chunks/node_modules_next_dist_115brz8._.js:2477
[     290ms] [LOG] [HMR] connected @ http://localhost:3001/_next/static/chunks/node_modules_next_dist_115brz8._.js:2477
[     372ms] [ERROR] Failed to load resource: the server responded with a status of 401 (Unauthorized) @ http://localhost:3002/users/me:0
[     517ms] [LOG] [Fast Refresh] rebuilding @ http://localhost:3001/_next/static/chunks/node_modules_next_dist_115brz8._.js:2477
[     539ms] [LOG] [Fast Refresh] done in 122ms @ http://localhost:3001/_next/static/chunks/node_modules_next_dist_115brz8._.js:2477
[  135654ms] [LOG] [Fast Refresh] rebuilding @ http://localhost:3001/_next/static/chunks/node_modules_next_dist_115brz8._.js:2477
[  135781ms] [LOG] [Fast Refresh] done in 172ms @ http://localhost:3001/_next/static/chunks/node_modules_next_dist_115brz8._.js:2477
[  297875ms] [LOG] [Fast Refresh] rebuilding @ http://localhost:3001/_next/static/chunks/node_modules_next_dist_115brz8._.js:2477
[  297945ms] [LOG] [Fast Refresh] done in 125ms @ http://localhost:3001/_next/static/chunks/node_modules_next_dist_115brz8._.js:2477
[  298053ms] [LOG] [Fast Refresh] rebuilding @ http://localhost:3001/_next/static/chunks/node_modules_next_dist_115brz8._.js:2477
[  298100ms] [LOG] [Fast Refresh] done in 154ms @ http://localhost:3001/_next/static/chunks/node_modules_next_dist_115brz8._.js:2477
[  306399ms] [LOG] [Fast Refresh] rebuilding @ http://localhost:3001/_next/static/chunks/node_modules_next_dist_115brz8._.js:2477
[  306466ms] [LOG] [Fast Refresh] done in 117ms @ http://localhost:3001/_next/static/chunks/node_modules_next_dist_115brz8._.js:2477
[  306570ms] [LOG] [Fast Refresh] rebuilding @ http://localhost:3001/_next/static/chunks/node_modules_next_dist_115brz8._.js:2477
[  306644ms] [LOG] [Fast Refresh] done in 178ms @ http://localhost:3001/_next/static/chunks/node_modules_next_dist_115brz8._.js:2477
[  312023ms] [LOG] [Fast Refresh] rebuilding @ http://localhost:3001/_next/static/chunks/node_modules_next_dist_115brz8._.js:2477
[  312082ms] [LOG] [Fast Refresh] done in 113ms @ http://localhost:3001/_next/static/chunks/node_modules_next_dist_115brz8._.js:2477
[  312196ms] [LOG] [Fast Refresh] rebuilding @ http://localhost:3001/_next/static/chunks/node_modules_next_dist_115brz8._.js:2477
[  312239ms] [LOG] [Fast Refresh] done in 156ms @ http://localhost:3001/_next/static/chunks/node_modules_next_dist_115brz8._.js:2477
[  317616ms] [LOG] [Fast Refresh] rebuilding @ http://localhost:3001/_next/static/chunks/node_modules_next_dist_115brz8._.js:2477
[  317665ms] [LOG] [Fast Refresh] done in 144ms @ http://localhost:3001/_next/static/chunks/node_modules_next_dist_115brz8._.js:2477
[  317787ms] [LOG] [Fast Refresh] rebuilding @ http://localhost:3001/_next/static/chunks/node_modules_next_dist_115brz8._.js:2477
[  317846ms] [LOG] [Fast Refresh] done in 165ms @ http://localhost:3001/_next/static/chunks/node_modules_next_dist_115brz8._.js:2477
[  322231ms] [LOG] [Fast Refresh] rebuilding @ http://localhost:3001/_next/static/chunks/node_modules_next_dist_115brz8._.js:2477
[  322300ms] [LOG] [Fast Refresh] done in 116ms @ http://localhost:3001/_next/static/chunks/node_modules_next_dist_115brz8._.js:2477
[  322403ms] [LOG] [Fast Refresh] rebuilding @ http://localhost:3001/_next/static/chunks/node_modules_next_dist_115brz8._.js:2477
[  322458ms] [LOG] [Fast Refresh] done in 158ms @ http://localhost:3001/_next/static/chunks/node_modules_next_dist_115brz8._.js:2477
[ 1000981ms] [LOG] [Fast Refresh] rebuilding @ http://localhost:3001/_next/static/chunks/node_modules_next_dist_115brz8._.js:2477
[ 1001009ms] [LOG] [Fast Refresh] done in 130ms @ http://localhost:3001/_next/static/chunks/node_modules_next_dist_115brz8._.js:2477
[ 1244841ms] [LOG] [Fast Refresh] rebuilding @ http://localhost:3001/_next/static/chunks/node_modules_next_dist_115brz8._.js:2477
[ 1244925ms] [LOG] [Fast Refresh] done in 181ms @ http://localhost:3001/_next/static/chunks/node_modules_next_dist_115brz8._.js:2477
[ 1245059ms] [LOG] [Fast Refresh] rebuilding @ http://localhost:3001/_next/static/chunks/node_modules_next_dist_115brz8._.js:2477
[ 1245457ms] [LOG] [Fast Refresh] done in 513ms @ http://localhost:3001/_next/static/chunks/node_modules_next_dist_115brz8._.js:2477
[ 2018775ms] [LOG] [Fast Refresh] rebuilding @ http://localhost:3001/_next/static/chunks/node_modules_next_dist_115brz8._.js:2477
[ 2018833ms] [LOG] [Fast Refresh] done in 119ms @ http://localhost:3001/_next/static/chunks/node_modules_next_dist_115brz8._.js:2477
[ 2019043ms] [LOG] [Fast Refresh] rebuilding @ http://localhost:3001/_next/static/chunks/node_modules_next_dist_115brz8._.js:2477
[ 2019067ms] [LOG] [Fast Refresh] done in 125ms @ http://localhost:3001/_next/static/chunks/node_modules_next_dist_115brz8._.js:2477
[ 2101497ms] [LOG] [Fast Refresh] rebuilding @ http://localhost:3001/_next/static/chunks/node_modules_next_dist_115brz8._.js:2477
[ 2101517ms] [LOG] [Fast Refresh] done in 121ms @ http://localhost:3001/_next/static/chunks/node_modules_next_dist_115brz8._.js:2477
[ 2179484ms] [LOG] [Fast Refresh] rebuilding @ http://localhost:3001/_next/static/chunks/node_modules_next_dist_115brz8._.js:2477
[ 2179703ms] [LOG] [Fast Refresh] done in 333ms @ http://localhost:3001/_next/static/chunks/node_modules_next_dist_115brz8._.js:2477
[ 2631871ms] [LOG] [Fast Refresh] rebuilding @ http://localhost:3001/_next/static/chunks/node_modules_next_dist_115brz8._.js:2477
[ 2631925ms] [LOG] [Fast Refresh] done in 105ms @ http://localhost:3001/_next/static/chunks/node_modules_next_dist_115brz8._.js:2477
[ 2632139ms] [LOG] [Fast Refresh] rebuilding @ http://localhost:3001/_next/static/chunks/node_modules_next_dist_115brz8._.js:2477
[ 2632140ms] [LOG] [Fast Refresh] done in 105ms @ http://localhost:3001/_next/static/chunks/node_modules_next_dist_115brz8._.js:2477
[ 2638576ms] [LOG] [Fast Refresh] rebuilding @ http://localhost:3001/_next/static/chunks/node_modules_next_dist_115brz8._.js:2477
[ 2638646ms] [LOG] [Fast Refresh] done in 130ms @ http://localhost:3001/_next/static/chunks/node_modules_next_dist_115brz8._.js:2477
[ 2638748ms] [LOG] [Fast Refresh] rebuilding @ http://localhost:3001/_next/static/chunks/node_modules_next_dist_115brz8._.js:2477
[ 2638833ms] [LOG] [Fast Refresh] done in 186ms @ http://localhost:3001/_next/static/chunks/node_modules_next_dist_115brz8._.js:2477
[ 2644369ms] [LOG] [Fast Refresh] rebuilding @ http://localhost:3001/_next/static/chunks/node_modules_next_dist_115brz8._.js:2477
[ 2644432ms] [LOG] [Fast Refresh] done in 131ms @ http://localhost:3001/_next/static/chunks/node_modules_next_dist_115brz8._.js:2477
[ 2644557ms] [LOG] [Fast Refresh] rebuilding @ http://localhost:3001/_next/static/chunks/node_modules_next_dist_115brz8._.js:2477
[ 2644613ms] [LOG] [Fast Refresh] done in 163ms @ http://localhost:3001/_next/static/chunks/node_modules_next_dist_115brz8._.js:2477
[ 2649784ms] [LOG] [Fast Refresh] rebuilding @ http://localhost:3001/_next/static/chunks/node_modules_next_dist_115brz8._.js:2477
[ 2649830ms] [LOG] [Fast Refresh] done in 109ms @ http://localhost:3001/_next/static/chunks/node_modules_next_dist_115brz8._.js:2477
[ 2649966ms] [LOG] [Fast Refresh] rebuilding @ http://localhost:3001/_next/static/chunks/node_modules_next_dist_115brz8._.js:2477
[ 2650017ms] [LOG] [Fast Refresh] done in 166ms @ http://localhost:3001/_next/static/chunks/node_modules_next_dist_115brz8._.js:2477
[ 2679674ms] [LOG] [Fast Refresh] rebuilding @ http://localhost:3001/_next/static/chunks/node_modules_next_dist_115brz8._.js:2477
[ 2679675ms] [LOG] [Fast Refresh] done in 106ms @ http://localhost:3001/_next/static/chunks/node_modules_next_dist_115brz8._.js:2477
[ 2690051ms] [LOG] [Fast Refresh] rebuilding @ http://localhost:3001/_next/static/chunks/node_modules_next_dist_115brz8._.js:2477
[ 2690183ms] [ERROR] ./apps/admin/app/scraper/page.tsx:1305:1
Unexpected token. Did you mean `{'}'}` or `&rbrace;`?
  1303 |     </div>
  1304 |   );
> 1305 | }
       | ^
  1306 |

Parsing ecmascript source code failed

Import traces:
  Client Component Browser:
    ./apps/admin/app/scraper/page.tsx [Client Component Browser]
    ./apps/admin/app/scraper/page.tsx [Server Component]

  Client Component SSR:
    ./apps/admin/app/scraper/page.tsx [Client Component SSR]
    ./apps/admin/app/scraper/page.tsx [Server Component] @ http://localhost:3001/_next/static/chunks/node_modules_next_dist_115brz8._.js:3318
[ 2690338ms] [LOG] [Fast Refresh] rebuilding @ http://localhost:3001/_next/static/chunks/node_modules_next_dist_115brz8._.js:2477
[ 2690472ms] [ERROR] ./apps/admin/app/scraper/page.tsx:1305:1
Unexpected token. Did you mean `{'}'}` or `&rbrace;`?
  1303 |     </div>
  1304 |   );
> 1305 | }
       | ^
  1306 |

Parsing ecmascript source code failed

Import traces:
  Client Component Browser:
    ./apps/admin/app/scraper/page.tsx [Client Component Browser]
    ./apps/admin/app/scraper/page.tsx [Server Component]

  Client Component SSR:
    ./apps/admin/app/scraper/page.tsx [Client Component SSR]
    ./apps/admin/app/scraper/page.tsx [Server Component] @ http://localhost:3001/_next/static/chunks/node_modules_next_dist_115brz8._.js:3318
[ 2690474ms] [ERROR] Failed to load resource: the server responded with a status of 500 (Internal Server Error) @ http://localhost:3001/login?_rsc=06zRUfsMSCGZeM4t:0
[ 2690510ms] [ERROR] Failed to load resource: the server responded with a status of 500 (Internal Server Error) @ http://localhost:3001/login?_rsc=06zRUfsMSCGZeM4t:0
[ 2690577ms] [ERROR] Failed to load resource: the server responded with a status of 500 (Internal Server Error) @ http://localhost:3001/login:0
[ 2690652ms] [ERROR] Refused to execute script from 'http://localhost:3001/_next/static/development/_clientMiddlewareManifest.js' because its MIME type ('application/json') is not executable, and strict MIME type checking is enabled. @ http://localhost:3001/login:0
[ 2690724ms] [INFO] %cDownload the React DevTools for a better development experience: https://react.dev/link/react-devtools font-weight:bold @ http://localhost:3001/_next/static/chunks/node_modules_react-dom_0bruynb._.js:15305
[ 2690848ms] Error: ./apps/admin/app/scraper/page.tsx:1305:1
Unexpected token. Did you mean `{'}'}` or `&rbrace;`?
  1303 |     </div>
  1304 |   );
> 1305 | }
       | ^
  1306 |

Parsing ecmascript source code failed

Import traces:
  Client Component Browser:
    ./apps/admin/app/scraper/page.tsx [Client Component Browser]
    ./apps/admin/app/scraper/page.tsx [Server Component]

  Client Component SSR:
    ./apps/admin/app/scraper/page.tsx [Client Component SSR]
    ./apps/admin/app/scraper/page.tsx [Server Component]


    at <unknown> (Error: ./apps/admin/app/scraper/page.tsx:1305:1)
    at Object.getCompilationErrors (file://D:\CODE\Projects\Markhor System\AI-E-commerce\node_modules\next\dist\server\dev\hot-reloader-turbopack.js:1186:59)
    at DevBundlerService.getCompilationError (file://D:\CODE\Projects\Markhor System\AI-E-commerce\node_modules\next\dist\server\lib\dev-bundler-service.js:44:55)
    at DevServer.getCompilationError (file://D:\CODE\Projects\Markhor System\AI-E-commerce\node_modules\next\dist\server\dev\next-dev-server.js:720:42)
    at DevServer.findPageComponents (file://D:\CODE\Projects\Markhor System\AI-E-commerce\node_modules\next\dist\server\dev\next-dev-server.js:690:43)
    at async DevServer.renderErrorToResponseImpl (file://D:\CODE\Projects\Markhor System\AI-E-commerce\node_modules\next\dist\server\base-server.js:1753:26)
[ 2690853ms] [LOG] [HMR] connected @ http://localhost:3001/_next/static/chunks/node_modules_next_dist_0u_w_5s._.js:1226
[ 2690859ms] [ERROR] ./apps/admin/app/scraper/page.tsx:1305:1
Unexpected token. Did you mean `{'}'}` or `&rbrace;`?
  1303 |     </div>
  1304 |   );
> 1305 | }
       | ^
  1306 |

Parsing ecmascript source code failed

Import traces:
  Client Component Browser:
    ./apps/admin/app/scraper/page.tsx [Client Component Browser]
    ./apps/admin/app/scraper/page.tsx [Server Component]

  Client Component SSR:
    ./apps/admin/app/scraper/page.tsx [Client Component SSR]
    ./apps/admin/app/scraper/page.tsx [Server Component] @ http://localhost:3001/_next/static/chunks/node_modules_next_dist_0u_w_5s._.js:1945
[ 2690899ms] [ERROR] ./apps/admin/app/scraper/page.tsx:1305:1
Unexpected token. Did you mean `{'}'}` or `&rbrace;`?
  1303 |     </div>
  1304 |   );
> 1305 | }
       | ^
  1306 |

Parsing ecmascript source code failed

Import traces:
  Client Component Browser:
    ./apps/admin/app/scraper/page.tsx [Client Component Browser]
    ./apps/admin/app/scraper/page.tsx [Server Component]

  Client Component SSR:
    ./apps/admin/app/scraper/page.tsx [Client Component SSR]
    ./apps/admin/app/scraper/page.tsx [Server Component] @ http://localhost:3001/_next/static/chunks/node_modules_next_dist_0u_w_5s._.js:1945
[ 2690975ms] [ERROR] ./apps/admin/app/scraper/page.tsx:1305:1
Unexpected token. Did you mean `{'}'}` or `&rbrace;`?
  1303 |     </div>
  1304 |   );
> 1305 | }
       | ^
  1306 |

Parsing ecmascript source code failed

Import traces:
  Client Component Browser:
    ./apps/admin/app/scraper/page.tsx [Client Component Browser]
    ./apps/admin/app/scraper/page.tsx [Server Component]

  Client Component SSR:
    ./apps/admin/app/scraper/page.tsx [Client Component SSR]
    ./apps/admin/app/scraper/page.tsx [Server Component] @ http://localhost:3001/_next/static/chunks/node_modules_next_dist_0u_w_5s._.js:1945
[ 2691073ms] [LOG] [Fast Refresh] rebuilding @ http://localhost:3001/_next/static/chunks/node_modules_next_dist_0u_w_5s._.js:1226
[ 2713528ms] [LOG] [Fast Refresh] rebuilding @ http://localhost:3001/_next/static/chunks/node_modules_next_dist_0u_w_5s._.js:1226
[ 2713860ms] [LOG] [Fast Refresh] done in 439ms @ http://localhost:3001/_next/static/chunks/node_modules_next_dist_0u_w_5s._.js:1226
[ 2714109ms] [LOG] [Fast Refresh] rebuilding @ http://localhost:3001/_next/static/chunks/node_modules_next_dist_0u_w_5s._.js:1226
[ 2714195ms] [LOG] [Fast Refresh] done in 194ms @ http://localhost:3001/_next/static/chunks/node_modules_next_dist_0u_w_5s._.js:1226
[ 2714412ms] [INFO] %cDownload the React DevTools for a better development experience: https://react.dev/link/react-devtools font-weight:bold @ http://localhost:3001/_next/static/chunks/node_modules_next_dist_115brz8._.js:2477
[ 2714456ms] [LOG] [HMR] connected @ http://localhost:3001/_next/static/chunks/node_modules_next_dist_115brz8._.js:2477
[ 2714642ms] [ERROR] Failed to load resource: the server responded with a status of 401 (Unauthorized) @ http://localhost:3002/users/me:0
[ 2832139ms] [LOG] [Fast Refresh] rebuilding @ http://localhost:3001/_next/static/chunks/node_modules_next_dist_115brz8._.js:2477
[ 2832180ms] [LOG] [Fast Refresh] done in 93ms @ http://localhost:3001/_next/static/chunks/node_modules_next_dist_115brz8._.js:2477
[ 2832286ms] [LOG] [Fast Refresh] rebuilding @ http://localhost:3001/_next/static/chunks/node_modules_next_dist_115brz8._.js:2477
[ 2832333ms] [LOG] [Fast Refresh] done in 153ms @ http://localhost:3001/_next/static/chunks/node_modules_next_dist_115brz8._.js:2477
[ 2832448ms] [LOG] [Fast Refresh] rebuilding @ http://localhost:3001/_next/static/chunks/node_modules_next_dist_115brz8._.js:2477
[ 2832472ms] [LOG] [Fast Refresh] done in 126ms @ http://localhost:3001/_next/static/chunks/node_modules_next_dist_115brz8._.js:2477
[ 2838188ms] [LOG] [Fast Refresh] rebuilding @ http://localhost:3001/_next/static/chunks/node_modules_next_dist_115brz8._.js:2477
[ 2838219ms] [LOG] [Fast Refresh] done in 109ms @ http://localhost:3001/_next/static/chunks/node_modules_next_dist_115brz8._.js:2477
[ 2838345ms] [LOG] [Fast Refresh] rebuilding @ http://localhost:3001/_next/static/chunks/node_modules_next_dist_115brz8._.js:2477
[ 2838464ms] [LOG] [Fast Refresh] done in 220ms @ http://localhost:3001/_next/static/chunks/node_modules_next_dist_115brz8._.js:2477
[ 2851563ms] [LOG] [Fast Refresh] rebuilding @ http://localhost:3001/_next/static/chunks/node_modules_next_dist_115brz8._.js:2477
[ 2851588ms] [LOG] [Fast Refresh] done in 85ms @ http://localhost:3001/_next/static/chunks/node_modules_next_dist_115brz8._.js:2477
[ 2851698ms] [LOG] [Fast Refresh] rebuilding @ http://localhost:3001/_next/static/chunks/node_modules_next_dist_115brz8._.js:2477
[ 2851793ms] [LOG] [Fast Refresh] done in 198ms @ http://localhost:3001/_next/static/chunks/node_modules_next_dist_115brz8._.js:2477
[ 3117040ms] [LOG] [Fast Refresh] rebuilding @ http://localhost:3001/_next/static/chunks/node_modules_next_dist_115brz8._.js:2477
[ 3117135ms] [LOG] [Fast Refresh] done in 208ms @ http://localhost:3001/_next/static/chunks/node_modules_next_dist_115brz8._.js:2477
[ 3790141ms] [LOG] [Fast Refresh] rebuilding @ http://localhost:3001/_next/static/chunks/node_modules_next_dist_115brz8._.js:2477
[ 3790142ms] [LOG] [Fast Refresh] done in 102ms @ http://localhost:3001/_next/static/chunks/node_modules_next_dist_115brz8._.js:2477
[ 3798151ms] [LOG] [Fast Refresh] rebuilding @ http://localhost:3001/_next/static/chunks/node_modules_next_dist_115brz8._.js:2477
[ 3798179ms] [WARNING] [Fast Refresh] performing full reload

Fast Refresh will perform a full reload when you edit a file that's imported by modules outside of the React rendering tree.
You might have a file which exports a React component but also exports a value that is imported by a non-React component file.
Consider migrating the non-React component export to a separate file and importing it into both files.

It is also possible the parent component of the component you edited is a class component, which disables Fast Refresh.
Fast Refresh requires at least one parent function component in your React tree. @ http://localhost:3001/_next/static/chunks/node_modules_next_dist_115brz8._.js:2477
[ 3798409ms] [LOG] [Fast Refresh] done in 131ms @ http://localhost:3001/_next/static/chunks/node_modules_next_dist_115brz8._.js:2477
[ 3798619ms] [LOG] [Fast Refresh] rebuilding @ http://localhost:3001/_next/static/chunks/node_modules_next_dist_115brz8._.js:2477
[ 3798940ms] [LOG] [Fast Refresh] done in 433ms @ http://localhost:3001/_next/static/chunks/node_modules_next_dist_115brz8._.js:2477
[ 3799114ms] [INFO] %cDownload the React DevTools for a better development experience: https://react.dev/link/react-devtools font-weight:bold @ http://localhost:3001/_next/static/chunks/node_modules_next_dist_115brz8._.js:2477
[ 3799154ms] [LOG] [HMR] connected @ http://localhost:3001/_next/static/chunks/node_modules_next_dist_115brz8._.js:2477
[ 3799288ms] [ERROR] Failed to load resource: the server responded with a status of 401 (Unauthorized) @ http://localhost:3002/users/me:0
[ 3814959ms] [LOG] [Fast Refresh] rebuilding @ http://localhost:3001/_next/static/chunks/node_modules_next_dist_115brz8._.js:2477
[ 3814981ms] [LOG] [Fast Refresh] done in 121ms @ http://localhost:3001/_next/static/chunks/node_modules_next_dist_115brz8._.js:2477
[ 3815105ms] [LOG] [Fast Refresh] rebuilding @ http://localhost:3001/_next/static/chunks/node_modules_next_dist_115brz8._.js:2477
[ 3815116ms] [LOG] [Fast Refresh] done in 113ms @ http://localhost:3001/_next/static/chunks/node_modules_next_dist_115brz8._.js:2477
[ 3824505ms] [LOG] [Fast Refresh] rebuilding @ http://localhost:3001/_next/static/chunks/node_modules_next_dist_115brz8._.js:2477
[ 3824510ms] [LOG] [Fast Refresh] done in 89ms @ http://localhost:3001/_next/static/chunks/node_modules_next_dist_115brz8._.js:2477
[ 3824641ms] [LOG] [Fast Refresh] rebuilding @ http://localhost:3001/_next/static/chunks/node_modules_next_dist_115brz8._.js:2477
[ 3824645ms] [LOG] [Fast Refresh] done in 110ms @ http://localhost:3001/_next/static/chunks/node_modules_next_dist_115brz8._.js:2477
[ 3830455ms] [LOG] [Fast Refresh] rebuilding @ http://localhost:3001/_next/static/chunks/node_modules_next_dist_115brz8._.js:2477
[ 3830461ms] [LOG] [Fast Refresh] done in 98ms @ http://localhost:3001/_next/static/chunks/node_modules_next_dist_115brz8._.js:2477
[ 3830586ms] [LOG] [Fast Refresh] rebuilding @ http://localhost:3001/_next/static/chunks/node_modules_next_dist_115brz8._.js:2477
[ 3830596ms] [LOG] [Fast Refresh] done in 111ms @ http://localhost:3001/_next/static/chunks/node_modules_next_dist_115brz8._.js:2477
[ 3843651ms] [LOG] [Fast Refresh] rebuilding @ http://localhost:3001/_next/static/chunks/node_modules_next_dist_115brz8._.js:2477
[ 3843654ms] [LOG] [Fast Refresh] done in 43ms @ http://localhost:3001/_next/static/chunks/node_modules_next_dist_115brz8._.js:2477
[ 3843784ms] [LOG] [Fast Refresh] rebuilding @ http://localhost:3001/_next/static/chunks/node_modules_next_dist_115brz8._.js:2477
[ 3843796ms] [LOG] [Fast Refresh] done in 116ms @ http://localhost:3001/_next/static/chunks/node_modules_next_dist_115brz8._.js:2477
[ 3849024ms] [LOG] [Fast Refresh] rebuilding @ http://localhost:3001/_next/static/chunks/node_modules_next_dist_115brz8._.js:2477
[ 3849029ms] [LOG] [Fast Refresh] done in 75ms @ http://localhost:3001/_next/static/chunks/node_modules_next_dist_115brz8._.js:2477
[ 3849156ms] [LOG] [Fast Refresh] rebuilding @ http://localhost:3001/_next/static/chunks/node_modules_next_dist_115brz8._.js:2477
[ 3849158ms] [LOG] [Fast Refresh] done in 107ms @ http://localhost:3001/_next/static/chunks/node_modules_next_dist_115brz8._.js:2477
[ 3864409ms] [LOG] [Fast Refresh] rebuilding @ http://localhost:3001/_next/static/chunks/node_modules_next_dist_115brz8._.js:2477
[ 3864419ms] [LOG] [Fast Refresh] done in 89ms @ http://localhost:3001/_next/static/chunks/node_modules_next_dist_115brz8._.js:2477
[ 3864549ms] [LOG] [Fast Refresh] rebuilding @ http://localhost:3001/_next/static/chunks/node_modules_next_dist_115brz8._.js:2477
[ 3864564ms] [LOG] [Fast Refresh] done in 121ms @ http://localhost:3001/_next/static/chunks/node_modules_next_dist_115brz8._.js:2477
[ 3923769ms] [LOG] [Fast Refresh] rebuilding @ http://localhost:3001/_next/static/chunks/node_modules_next_dist_115brz8._.js:2477
[ 3923773ms] [LOG] [Fast Refresh] done in 54ms @ http://localhost:3001/_next/static/chunks/node_modules_next_dist_115brz8._.js:2477
[ 3923905ms] [LOG] [Fast Refresh] rebuilding @ http://localhost:3001/_next/static/chunks/node_modules_next_dist_115brz8._.js:2477
[ 3923920ms] [LOG] [Fast Refresh] done in 122ms @ http://localhost:3001/_next/static/chunks/node_modules_next_dist_115brz8._.js:2477
[ 3929412ms] [LOG] [Fast Refresh] rebuilding @ http://localhost:3001/_next/static/chunks/node_modules_next_dist_115brz8._.js:2477
[ 3929416ms] [LOG] [Fast Refresh] done in 81ms @ http://localhost:3001/_next/static/chunks/node_modules_next_dist_115brz8._.js:2477
[ 3929541ms] [LOG] [Fast Refresh] rebuilding @ http://localhost:3001/_next/static/chunks/node_modules_next_dist_115brz8._.js:2477
[ 3929552ms] [LOG] [Fast Refresh] done in 113ms @ http://localhost:3001/_next/static/chunks/node_modules_next_dist_115brz8._.js:2477
[ 3938831ms] [LOG] [Fast Refresh] rebuilding @ http://localhost:3001/_next/static/chunks/node_modules_next_dist_115brz8._.js:2477
[ 3938868ms] [LOG] [Fast Refresh] done in 84ms @ http://localhost:3001/_next/static/chunks/node_modules_next_dist_115brz8._.js:2477
[ 3938976ms] [LOG] [Fast Refresh] rebuilding @ http://localhost:3001/_next/static/chunks/node_modules_next_dist_115brz8._.js:2477
[ 3939006ms] [LOG] [Fast Refresh] done in 137ms @ http://localhost:3001/_next/static/chunks/node_modules_next_dist_115brz8._.js:2477
[ 3948352ms] [LOG] [Fast Refresh] rebuilding @ http://localhost:3001/_next/static/chunks/node_modules_next_dist_115brz8._.js:2477
[ 3948360ms] [LOG] [Fast Refresh] done in 74ms @ http://localhost:3001/_next/static/chunks/node_modules_next_dist_115brz8._.js:2477
[ 3948484ms] [LOG] [Fast Refresh] rebuilding @ http://localhost:3001/_next/static/chunks/node_modules_next_dist_115brz8._.js:2477
[ 3948495ms] [LOG] [Fast Refresh] done in 114ms @ http://localhost:3001/_next/static/chunks/node_modules_next_dist_115brz8._.js:2477
[ 3957504ms] [LOG] [Fast Refresh] rebuilding @ http://localhost:3001/_next/static/chunks/node_modules_next_dist_115brz8._.js:2477
[ 3957509ms] [LOG] [Fast Refresh] done in 91ms @ http://localhost:3001/_next/static/chunks/node_modules_next_dist_115brz8._.js:2477
[ 3957652ms] [LOG] [Fast Refresh] rebuilding @ http://localhost:3001/_next/static/chunks/node_modules_next_dist_115brz8._.js:2477
[ 3957663ms] [LOG] [Fast Refresh] done in 116ms @ http://localhost:3001/_next/static/chunks/node_modules_next_dist_115brz8._.js:2477
[ 3970042ms] [LOG] [Fast Refresh] rebuilding @ http://localhost:3001/_next/static/chunks/node_modules_next_dist_115brz8._.js:2477
[ 3970046ms] [LOG] [Fast Refresh] done in 81ms @ http://localhost:3001/_next/static/chunks/node_modules_next_dist_115brz8._.js:2477
[ 3970171ms] [LOG] [Fast Refresh] rebuilding @ http://localhost:3001/_next/static/chunks/node_modules_next_dist_115brz8._.js:2477
[ 3970182ms] [LOG] [Fast Refresh] done in 111ms @ http://localhost:3001/_next/static/chunks/node_modules_next_dist_115brz8._.js:2477
[ 3976808ms] [LOG] [Fast Refresh] rebuilding @ http://localhost:3001/_next/static/chunks/node_modules_next_dist_115brz8._.js:2477
[ 3976811ms] [LOG] [Fast Refresh] done in 92ms @ http://localhost:3001/_next/static/chunks/node_modules_next_dist_115brz8._.js:2477
[ 3976937ms] [LOG] [Fast Refresh] rebuilding @ http://localhost:3001/_next/static/chunks/node_modules_next_dist_115brz8._.js:2477
[ 3976943ms] [LOG] [Fast Refresh] done in 109ms @ http://localhost:3001/_next/static/chunks/node_modules_next_dist_115brz8._.js:2477
[ 3986071ms] [LOG] [Fast Refresh] rebuilding @ http://localhost:3001/_next/static/chunks/node_modules_next_dist_115brz8._.js:2477
[ 3986082ms] [LOG] [Fast Refresh] done in 56ms @ http://localhost:3001/_next/static/chunks/node_modules_next_dist_115brz8._.js:2477
[ 4517883ms] [LOG] [Fast Refresh] rebuilding @ http://localhost:3001/_next/static/chunks/node_modules_next_dist_115brz8._.js:2477
[ 4517982ms] [LOG] [Fast Refresh] done in 199ms @ http://localhost:3001/_next/static/chunks/node_modules_next_dist_115brz8._.js:2477
[ 7426404ms] [LOG] [Fast Refresh] rebuilding @ http://localhost:3001/_next/static/chunks/node_modules_next_dist_115brz8._.js:2477
[ 7426535ms] [LOG] [Fast Refresh] done in 232ms @ http://localhost:3001/_next/static/chunks/node_modules_next_dist_115brz8._.js:2477
[ 7429859ms] [LOG] [Fast Refresh] rebuilding @ http://localhost:3001/_next/static/chunks/node_modules_next_dist_115brz8._.js:2477
[ 7429868ms] [LOG] [Fast Refresh] done in 113ms @ http://localhost:3001/_next/static/chunks/node_modules_next_dist_115brz8._.js:2477
[ 7429974ms] [LOG] [Fast Refresh] rebuilding @ http://localhost:3001/_next/static/chunks/node_modules_next_dist_115brz8._.js:2477
[ 7429991ms] [LOG] [Fast Refresh] done in 122ms @ http://localhost:3001/_next/static/chunks/node_modules_next_dist_115brz8._.js:2477
[ 8277684ms] [LOG] [Fast Refresh] rebuilding @ http://localhost:3001/_next/static/chunks/node_modules_next_dist_115brz8._.js:2477
[ 8277718ms] [WARNING] [Fast Refresh] performing full reload

Fast Refresh will perform a full reload when you edit a file that's imported by modules outside of the React rendering tree.
You might have a file which exports a React component but also exports a value that is imported by a non-React component file.
Consider migrating the non-React component export to a separate file and importing it into both files.

It is also possible the parent component of the component you edited is a class component, which disables Fast Refresh.
Fast Refresh requires at least one parent function component in your React tree. @ http://localhost:3001/_next/static/chunks/node_modules_next_dist_115brz8._.js:2477
[ 8277742ms] [LOG] [Fast Refresh] done in 130ms @ http://localhost:3001/_next/static/chunks/node_modules_next_dist_115brz8._.js:2477
[ 8277855ms] [LOG] [Fast Refresh] rebuilding @ http://localhost:3001/_next/static/chunks/node_modules_next_dist_115brz8._.js:2477
[ 8277877ms] [LOG] [Fast Refresh] done in 126ms @ http://localhost:3001/_next/static/chunks/node_modules_next_dist_115brz8._.js:2477
[ 8278170ms] [LOG] [Fast Refresh] rebuilding @ http://localhost:3001/_next/static/chunks/node_modules_next_dist_115brz8._.js:2477
[ 8278349ms] [LOG] [Fast Refresh] done in 290ms @ http://localhost:3001/_next/static/chunks/node_modules_next_dist_115brz8._.js:2477
[ 8278505ms] [INFO] %cDownload the React DevTools for a better development experience: https://react.dev/link/react-devtools font-weight:bold @ http://localhost:3001/_next/static/chunks/node_modules_next_dist_115brz8._.js:2477
[ 8278551ms] [LOG] [HMR] connected @ http://localhost:3001/_next/static/chunks/node_modules_next_dist_115brz8._.js:2477
[ 8278673ms] [ERROR] Failed to load resource: the server responded with a status of 401 (Unauthorized) @ http://localhost:3002/users/me:0
[ 8278674ms] [LOG] [Fast Refresh] rebuilding @ http://localhost:3001/_next/static/chunks/node_modules_next_dist_115brz8._.js:2477
[ 8278968ms] [LOG] [Fast Refresh] done in 397ms @ http://localhost:3001/_next/static/chunks/node_modules_next_dist_115brz8._.js:2477
[ 8283910ms] [LOG] [Fast Refresh] rebuilding @ http://localhost:3001/_next/static/chunks/node_modules_next_dist_115brz8._.js:2477
[ 8283928ms] [WARNING] [Fast Refresh] performing full reload

Fast Refresh will perform a full reload when you edit a file that's imported by modules outside of the React rendering tree.
You might have a file which exports a React component but also exports a value that is imported by a non-React component file.
Consider migrating the non-React component export to a separate file and importing it into both files.

It is also possible the parent component of the component you edited is a class component, which disables Fast Refresh.
Fast Refresh requires at least one parent function component in your React tree. @ http://localhost:3001/_next/static/chunks/node_modules_next_dist_115brz8._.js:2477
[ 8284046ms] [LOG] [Fast Refresh] done in 120ms @ http://localhost:3001/_next/static/chunks/node_modules_next_dist_115brz8._.js:2477
[ 8284259ms] [LOG] [Fast Refresh] rebuilding @ http://localhost:3001/_next/static/chunks/node_modules_next_dist_115brz8._.js:2477
[ 8284268ms] [LOG] [Fast Refresh] done in 109ms @ http://localhost:3001/_next/static/chunks/node_modules_next_dist_115brz8._.js:2477
[ 8284343ms] [INFO] %cDownload the React DevTools for a better development experience: https://react.dev/link/react-devtools font-weight:bold @ http://localhost:3001/_next/static/chunks/node_modules_next_dist_115brz8._.js:2477
[ 8284378ms] [LOG] [HMR] connected @ http://localhost:3001/_next/static/chunks/node_modules_next_dist_115brz8._.js:2477
[ 8284543ms] [ERROR] Failed to load resource: the server responded with a status of 401 (Unauthorized) @ http://localhost:3002/users/me:0
[ 8289760ms] [LOG] [Fast Refresh] rebuilding @ http://localhost:3001/_next/static/chunks/node_modules_next_dist_115brz8._.js:2477
[ 8289805ms] [LOG] [Fast Refresh] done in 150ms @ http://localhost:3001/_next/static/chunks/node_modules_next_dist_115brz8._.js:2477
[ 8301270ms] [LOG] [Fast Refresh] rebuilding @ http://localhost:3001/_next/static/chunks/node_modules_next_dist_115brz8._.js:2477
[ 8301289ms] [LOG] [Fast Refresh] done in 128ms @ http://localhost:3001/_next/static/chunks/node_modules_next_dist_115brz8._.js:2477
[ 8325280ms] [LOG] [Fast Refresh] rebuilding @ http://localhost:3001/_next/static/chunks/node_modules_next_dist_115brz8._.js:2477
[ 8325286ms] [LOG] [Fast Refresh] done in 83ms @ http://localhost:3001/_next/static/chunks/node_modules_next_dist_115brz8._.js:2477
[ 8325421ms] [LOG] [Fast Refresh] rebuilding @ http://localhost:3001/_next/static/chunks/node_modules_next_dist_115brz8._.js:2477
[ 8325438ms] [LOG] [Fast Refresh] done in 124ms @ http://localhost:3001/_next/static/chunks/node_modules_next_dist_115brz8._.js:2477
[ 8329713ms] [LOG] [Fast Refresh] rebuilding @ http://localhost:3001/_next/static/chunks/node_modules_next_dist_115brz8._.js:2477
[ 8329738ms] [LOG] [Fast Refresh] done in 45ms @ http://localhost:3001/_next/static/chunks/node_modules_next_dist_115brz8._.js:2477
[ 8329840ms] [LOG] [Fast Refresh] rebuilding @ http://localhost:3001/_next/static/chunks/node_modules_next_dist_115brz8._.js:2477
[ 8329843ms] [LOG] [Fast Refresh] done in 103ms @ http://localhost:3001/_next/static/chunks/node_modules_next_dist_115brz8._.js:2477
[ 8334899ms] [LOG] [Fast Refresh] rebuilding @ http://localhost:3001/_next/static/chunks/node_modules_next_dist_115brz8._.js:2477
[ 8334905ms] [LOG] [Fast Refresh] done in 79ms @ http://localhost:3001/_next/static/chunks/node_modules_next_dist_115brz8._.js:2477
[ 8335031ms] [LOG] [Fast Refresh] rebuilding @ http://localhost:3001/_next/static/chunks/node_modules_next_dist_115brz8._.js:2477
[ 8335052ms] [LOG] [Fast Refresh] done in 122ms @ http://localhost:3001/_next/static/chunks/node_modules_next_dist_115brz8._.js:2477
[ 8342429ms] [LOG] [Fast Refresh] rebuilding @ http://localhost:3001/_next/static/chunks/node_modules_next_dist_115brz8._.js:2477
[ 8342434ms] [LOG] [Fast Refresh] done in 76ms @ http://localhost:3001/_next/static/chunks/node_modules_next_dist_115brz8._.js:2477
[ 8342566ms] [LOG] [Fast Refresh] rebuilding @ http://localhost:3001/_next/static/chunks/node_modules_next_dist_115brz8._.js:2477
[ 8342579ms] [LOG] [Fast Refresh] done in 117ms @ http://localhost:3001/_next/static/chunks/node_modules_next_dist_115brz8._.js:2477
[ 8347665ms] [LOG] [Fast Refresh] rebuilding @ http://localhost:3001/_next/static/chunks/node_modules_next_dist_115brz8._.js:2477
[ 8347673ms] [LOG] [Fast Refresh] done in 49ms @ http://localhost:3001/_next/static/chunks/node_modules_next_dist_115brz8._.js:2477
[ 8368590ms] [LOG] [Fast Refresh] rebuilding @ http://localhost:3001/_next/static/chunks/node_modules_next_dist_115brz8._.js:2477
[ 8368743ms] [LOG] [Fast Refresh] done in 267ms @ http://localhost:3001/_next/static/chunks/node_modules_next_dist_115brz8._.js:2477
[ 8371264ms] [LOG] [Fast Refresh] rebuilding @ http://localhost:3001/_next/static/chunks/node_modules_next_dist_115brz8._.js:2477
[ 8371377ms] [LOG] [Fast Refresh] done in 212ms @ http://localhost:3001/_next/static/chunks/node_modules_next_dist_115brz8._.js:2477
[ 8371515ms] [LOG] [Fast Refresh] rebuilding @ http://localhost:3001/_next/static/chunks/node_modules_next_dist_115brz8._.js:2477
[ 8371698ms] [LOG] [Fast Refresh] done in 286ms @ http://localhost:3001/_next/static/chunks/node_modules_next_dist_115brz8._.js:2477
[ 8372088ms] [LOG] [Fast Refresh] rebuilding @ http://localhost:3001/_next/static/chunks/node_modules_next_dist_115brz8._.js:2477
[ 8372191ms] [LOG] [Fast Refresh] done in 210ms @ http://localhost:3001/_next/static/chunks/node_modules_next_dist_115brz8._.js:2477
[ 8372369ms] [LOG] [Fast Refresh] rebuilding @ http://localhost:3001/_next/static/chunks/node_modules_next_dist_115brz8._.js:2477
[ 8372388ms] [LOG] [Fast Refresh] done in 126ms @ http://localhost:3001/_next/static/chunks/node_modules_next_dist_115brz8._.js:2477
[ 8376516ms] [LOG] [Fast Refresh] rebuilding @ http://localhost:3001/_next/static/chunks/node_modules_next_dist_115brz8._.js:2477
[ 8376548ms] [LOG] [Fast Refresh] done in 99ms @ http://localhost:3001/_next/static/chunks/node_modules_next_dist_115brz8._.js:2477
[ 8376649ms] [LOG] [Fast Refresh] rebuilding @ http://localhost:3001/_next/static/chunks/node_modules_next_dist_115brz8._.js:2477
[ 8376652ms] [LOG] [Fast Refresh] done in 103ms @ http://localhost:3001/_next/static/chunks/node_modules_next_dist_115brz8._.js:2477
[ 8381773ms] [LOG] [Fast Refresh] rebuilding @ http://localhost:3001/_next/static/chunks/node_modules_next_dist_115brz8._.js:2477
[ 8381777ms] [LOG] [Fast Refresh] done in 74ms @ http://localhost:3001/_next/static/chunks/node_modules_next_dist_115brz8._.js:2477
[ 8381918ms] [LOG] [Fast Refresh] rebuilding @ http://localhost:3001/_next/static/chunks/node_modules_next_dist_115brz8._.js:2477
[ 8381920ms] [LOG] [Fast Refresh] done in 107ms @ http://localhost:3001/_next/static/chunks/node_modules_next_dist_115brz8._.js:2477
[ 8382040ms] [LOG] [Fast Refresh] rebuilding @ http://localhost:3001/_next/static/chunks/node_modules_next_dist_115brz8._.js:2477
[ 8382040ms] [LOG] [Fast Refresh] done in 113ms @ http://localhost:3001/_next/static/chunks/node_modules_next_dist_115brz8._.js:2477
[ 8387223ms] [LOG] [Fast Refresh] rebuilding @ http://localhost:3001/_next/static/chunks/node_modules_next_dist_115brz8._.js:2477
[ 8387228ms] [LOG] [Fast Refresh] done in 98ms @ http://localhost:3001/_next/static/chunks/node_modules_next_dist_115brz8._.js:2477
[ 8395719ms] [LOG] [Fast Refresh] rebuilding @ http://localhost:3001/_next/static/chunks/node_modules_next_dist_115brz8._.js:2477
[ 8395726ms] [LOG] [Fast Refresh] done in 57ms @ http://localhost:3001/_next/static/chunks/node_modules_next_dist_115brz8._.js:2477
[ 8401547ms] [LOG] [Fast Refresh] rebuilding @ http://localhost:3001/_next/static/chunks/node_modules_next_dist_115brz8._.js:2477
[ 8401552ms] [LOG] [Fast Refresh] done in 80ms @ http://localhost:3001/_next/static/chunks/node_modules_next_dist_115brz8._.js:2477
[ 8407875ms] [LOG] [Fast Refresh] rebuilding @ http://localhost:3001/_next/static/chunks/node_modules_next_dist_115brz8._.js:2477
[ 8407880ms] [LOG] [Fast Refresh] done in 67ms @ http://localhost:3001/_next/static/chunks/node_modules_next_dist_115brz8._.js:2477
[ 8414141ms] [LOG] [Fast Refresh] rebuilding @ http://localhost:3001/_next/static/chunks/node_modules_next_dist_115brz8._.js:2477
[ 8414148ms] [LOG] [Fast Refresh] done in 66ms @ http://localhost:3001/_next/static/chunks/node_modules_next_dist_115brz8._.js:2477
[ 8420227ms] [LOG] [Fast Refresh] rebuilding @ http://localhost:3001/_next/static/chunks/node_modules_next_dist_115brz8._.js:2477
[ 8420232ms] [LOG] [Fast Refresh] done in 73ms @ http://localhost:3001/_next/static/chunks/node_modules_next_dist_115brz8._.js:2477
[ 8522908ms] [LOG] [Fast Refresh] rebuilding @ http://localhost:3001/_next/static/chunks/node_modules_next_dist_115brz8._.js:2477
[ 8522916ms] [LOG] [Fast Refresh] done in 34ms @ http://localhost:3001/_next/static/chunks/node_modules_next_dist_115brz8._.js:2477
[ 8527770ms] [LOG] [Fast Refresh] rebuilding @ http://localhost:3001/_next/static/chunks/node_modules_next_dist_115brz8._.js:2477
[ 8527774ms] [LOG] [Fast Refresh] done in 76ms @ http://localhost:3001/_next/static/chunks/node_modules_next_dist_115brz8._.js:2477
[ 8527904ms] [LOG] [Fast Refresh] rebuilding @ http://localhost:3001/_next/static/chunks/node_modules_next_dist_115brz8._.js:2477
[ 8527906ms] [LOG] [Fast Refresh] done in 105ms @ http://localhost:3001/_next/static/chunks/node_modules_next_dist_115brz8._.js:2477
[ 8532553ms] [LOG] [Fast Refresh] rebuilding @ http://localhost:3001/_next/static/chunks/node_modules_next_dist_115brz8._.js:2477
[ 8532574ms] [LOG] [Fast Refresh] done in 67ms @ http://localhost:3001/_next/static/chunks/node_modules_next_dist_115brz8._.js:2477
[ 8542524ms] [LOG] [Fast Refresh] rebuilding @ http://localhost:3001/_next/static/chunks/node_modules_next_dist_115brz8._.js:2477
[ 8542551ms] [LOG] [Fast Refresh] done in 79ms @ http://localhost:3001/_next/static/chunks/node_modules_next_dist_115brz8._.js:2477
[ 8542663ms] [LOG] [Fast Refresh] rebuilding @ http://localhost:3001/_next/static/chunks/node_modules_next_dist_115brz8._.js:2477
[ 8542669ms] [LOG] [Fast Refresh] done in 115ms @ http://localhost:3001/_next/static/chunks/node_modules_next_dist_115brz8._.js:2477
[ 8549217ms] [LOG] [Fast Refresh] rebuilding @ http://localhost:3001/_next/static/chunks/node_modules_next_dist_115brz8._.js:2477
[ 8549224ms] [LOG] [Fast Refresh] done in 67ms @ http://localhost:3001/_next/static/chunks/node_modules_next_dist_115brz8._.js:2477
[ 8549348ms] [LOG] [Fast Refresh] rebuilding @ http://localhost:3001/_next/static/chunks/node_modules_next_dist_115brz8._.js:2477
[ 8549356ms] [LOG] [Fast Refresh] done in 111ms @ http://localhost:3001/_next/static/chunks/node_modules_next_dist_115brz8._.js:2477
[ 8555214ms] [LOG] [Fast Refresh] rebuilding @ http://localhost:3001/_next/static/chunks/node_modules_next_dist_115brz8._.js:2477
[ 8555218ms] [LOG] [Fast Refresh] done in 60ms @ http://localhost:3001/_next/static/chunks/node_modules_next_dist_115brz8._.js:2477
[ 8566501ms] [LOG] [Fast Refresh] rebuilding @ http://localhost:3001/_next/static/chunks/node_modules_next_dist_115brz8._.js:2477
[ 8566504ms] [LOG] [Fast Refresh] done in 32ms @ http://localhost:3001/_next/static/chunks/node_modules_next_dist_115brz8._.js:2477
[ 8566626ms] [LOG] [Fast Refresh] rebuilding @ http://localhost:3001/_next/static/chunks/node_modules_next_dist_115brz8._.js:2477
[ 8566626ms] [LOG] [Fast Refresh] done in 101ms @ http://localhost:3001/_next/static/chunks/node_modules_next_dist_115brz8._.js:2477
[ 8573053ms] [LOG] [Fast Refresh] rebuilding @ http://localhost:3001/_next/static/chunks/node_modules_next_dist_115brz8._.js:2477
[ 8573057ms] [LOG] [Fast Refresh] done in 63ms @ http://localhost:3001/_next/static/chunks/node_modules_next_dist_115brz8._.js:2477
[ 8578137ms] [LOG] [Fast Refresh] rebuilding @ http://localhost:3001/_next/static/chunks/node_modules_next_dist_115brz8._.js:2477
[ 8578141ms] [LOG] [Fast Refresh] done in 52ms @ http://localhost:3001/_next/static/chunks/node_modules_next_dist_115brz8._.js:2477
[ 8578276ms] [LOG] [Fast Refresh] rebuilding @ http://localhost:3001/_next/static/chunks/node_modules_next_dist_115brz8._.js:2477
[ 8578283ms] [LOG] [Fast Refresh] done in 107ms @ http://localhost:3001/_next/static/chunks/node_modules_next_dist_115brz8._.js:2477
[ 8583392ms] [LOG] [Fast Refresh] rebuilding @ http://localhost:3001/_next/static/chunks/node_modules_next_dist_115brz8._.js:2477
[ 8583396ms] [LOG] [Fast Refresh] done in 68ms @ http://localhost:3001/_next/static/chunks/node_modules_next_dist_115brz8._.js:2477
[ 8589187ms] [LOG] [Fast Refresh] rebuilding @ http://localhost:3001/_next/static/chunks/node_modules_next_dist_115brz8._.js:2477
[ 8589191ms] [LOG] [Fast Refresh] done in 97ms @ http://localhost:3001/_next/static/chunks/node_modules_next_dist_115brz8._.js:2477
[ 8595056ms] [LOG] [Fast Refresh] rebuilding @ http://localhost:3001/_next/static/chunks/node_modules_next_dist_115brz8._.js:2477
[ 8595059ms] [LOG] [Fast Refresh] done in 70ms @ http://localhost:3001/_next/static/chunks/node_modules_next_dist_115brz8._.js:2477
[ 8595188ms] [LOG] [Fast Refresh] rebuilding @ http://localhost:3001/_next/static/chunks/node_modules_next_dist_115brz8._.js:2477
[ 8595188ms] [LOG] [Fast Refresh] done in 103ms @ http://localhost:3001/_next/static/chunks/node_modules_next_dist_115brz8._.js:2477
[ 8601599ms] [LOG] [Fast Refresh] rebuilding @ http://localhost:3001/_next/static/chunks/node_modules_next_dist_115brz8._.js:2477
[ 8601603ms] [LOG] [Fast Refresh] done in 58ms @ http://localhost:3001/_next/static/chunks/node_modules_next_dist_115brz8._.js:2477
[ 8601730ms] [LOG] [Fast Refresh] rebuilding @ http://localhost:3001/_next/static/chunks/node_modules_next_dist_115brz8._.js:2477
[ 8601753ms] [LOG] [Fast Refresh] done in 124ms @ http://localhost:3001/_next/static/chunks/node_modules_next_dist_115brz8._.js:2477
[ 8608411ms] [LOG] [Fast Refresh] rebuilding @ http://localhost:3001/_next/static/chunks/node_modules_next_dist_115brz8._.js:2477
[ 8608414ms] [LOG] [Fast Refresh] done in 77ms @ http://localhost:3001/_next/static/chunks/node_modules_next_dist_115brz8._.js:2477
[ 8608541ms] [LOG] [Fast Refresh] rebuilding @ http://localhost:3001/_next/static/chunks/node_modules_next_dist_115brz8._.js:2477
[ 8608545ms] [LOG] [Fast Refresh] done in 105ms @ http://localhost:3001/_next/static/chunks/node_modules_next_dist_115brz8._.js:2477
[ 8614436ms] [LOG] [Fast Refresh] rebuilding @ http://localhost:3001/_next/static/chunks/node_modules_next_dist_115brz8._.js:2477
[ 8614453ms] [LOG] [Fast Refresh] done in 124ms @ http://localhost:3001/_next/static/chunks/node_modules_next_dist_115brz8._.js:2477
[ 8619460ms] [LOG] [Fast Refresh] rebuilding @ http://localhost:3001/_next/static/chunks/node_modules_next_dist_115brz8._.js:2477
[ 8619477ms] [LOG] [Fast Refresh] done in 124ms @ http://localhost:3001/_next/static/chunks/node_modules_next_dist_115brz8._.js:2477
[ 8655554ms] [LOG] [Fast Refresh] rebuilding @ http://localhost:3001/_next/static/chunks/node_modules_next_dist_115brz8._.js:2477
[ 8655564ms] [LOG] [Fast Refresh] done in 51ms @ http://localhost:3001/_next/static/chunks/node_modules_next_dist_115brz8._.js:2477
[ 8655688ms] [LOG] [Fast Refresh] rebuilding @ http://localhost:3001/_next/static/chunks/node_modules_next_dist_115brz8._.js:2477
[ 8655693ms] [LOG] [Fast Refresh] done in 107ms @ http://localhost:3001/_next/static/chunks/node_modules_next_dist_115brz8._.js:2477
[ 8660846ms] [LOG] [Fast Refresh] rebuilding @ http://localhost:3001/_next/static/chunks/node_modules_next_dist_115brz8._.js:2477
[ 8660869ms] [LOG] [Fast Refresh] done in 69ms @ http://localhost:3001/_next/static/chunks/node_modules_next_dist_115brz8._.js:2477
[ 8666414ms] [LOG] [Fast Refresh] rebuilding @ http://localhost:3001/_next/static/chunks/node_modules_next_dist_115brz8._.js:2477
[ 8666421ms] [LOG] [Fast Refresh] done in 83ms @ http://localhost:3001/_next/static/chunks/node_modules_next_dist_115brz8._.js:2477
[ 8666562ms] [LOG] [Fast Refresh] rebuilding @ http://localhost:3001/_next/static/chunks/node_modules_next_dist_115brz8._.js:2477
[ 8666573ms] [LOG] [Fast Refresh] done in 123ms @ http://localhost:3001/_next/static/chunks/node_modules_next_dist_115brz8._.js:2477
[ 8666690ms] [LOG] [Fast Refresh] rebuilding @ http://localhost:3001/_next/static/chunks/node_modules_next_dist_115brz8._.js:2477
[ 8666691ms] [LOG] [Fast Refresh] done in 110ms @ http://localhost:3001/_next/static/chunks/node_modules_next_dist_115brz8._.js:2477
[ 8672585ms] [LOG] [Fast Refresh] rebuilding @ http://localhost:3001/_next/static/chunks/node_modules_next_dist_115brz8._.js:2477
[ 8672589ms] [LOG] [Fast Refresh] done in 57ms @ http://localhost:3001/_next/static/chunks/node_modules_next_dist_115brz8._.js:2477
[ 8672712ms] [LOG] [Fast Refresh] rebuilding @ http://localhost:3001/_next/static/chunks/node_modules_next_dist_115brz8._.js:2477
[ 8672723ms] [LOG] [Fast Refresh] done in 114ms @ http://localhost:3001/_next/static/chunks/node_modules_next_dist_115brz8._.js:2477
[ 8677518ms] [LOG] [Fast Refresh] rebuilding @ http://localhost:3001/_next/static/chunks/node_modules_next_dist_115brz8._.js:2477
[ 8677541ms] [LOG] [Fast Refresh] done in 34ms @ http://localhost:3001/_next/static/chunks/node_modules_next_dist_115brz8._.js:2477
[ 8683923ms] [LOG] [Fast Refresh] rebuilding @ http://localhost:3001/_next/static/chunks/node_modules_next_dist_115brz8._.js:2477
[ 8683927ms] [LOG] [Fast Refresh] done in 83ms @ http://localhost:3001/_next/static/chunks/node_modules_next_dist_115brz8._.js:2477
[ 8692344ms] [LOG] [Fast Refresh] rebuilding @ http://localhost:3001/_next/static/chunks/node_modules_next_dist_115brz8._.js:2477
[ 8692347ms] [LOG] [Fast Refresh] done in 67ms @ http://localhost:3001/_next/static/chunks/node_modules_next_dist_115brz8._.js:2477
[ 8692476ms] [LOG] [Fast Refresh] rebuilding @ http://localhost:3001/_next/static/chunks/node_modules_next_dist_115brz8._.js:2477
[ 8692477ms] [LOG] [Fast Refresh] done in 102ms @ http://localhost:3001/_next/static/chunks/node_modules_next_dist_115brz8._.js:2477
[ 8698170ms] [LOG] [Fast Refresh] rebuilding @ http://localhost:3001/_next/static/chunks/node_modules_next_dist_115brz8._.js:2477
[ 8698177ms] [LOG] [Fast Refresh] done in 59ms @ http://localhost:3001/_next/static/chunks/node_modules_next_dist_115brz8._.js:2477
[ 8698310ms] [LOG] [Fast Refresh] rebuilding @ http://localhost:3001/_next/static/chunks/node_modules_next_dist_115brz8._.js:2477
[ 8698314ms] [LOG] [Fast Refresh] done in 105ms @ http://localhost:3001/_next/static/chunks/node_modules_next_dist_115brz8._.js:2477
[ 8720072ms] [LOG] [Fast Refresh] rebuilding @ http://localhost:3001/_next/static/chunks/node_modules_next_dist_115brz8._.js:2477
[ 8720078ms] [LOG] [Fast Refresh] done in 78ms @ http://localhost:3001/_next/static/chunks/node_modules_next_dist_115brz8._.js:2477
[ 8720205ms] [LOG] [Fast Refresh] rebuilding @ http://localhost:3001/_next/static/chunks/node_modules_next_dist_115brz8._.js:2477
[ 8720212ms] [LOG] [Fast Refresh] done in 111ms @ http://localhost:3001/_next/static/chunks/node_modules_next_dist_115brz8._.js:2477
[ 8726797ms] [LOG] [Fast Refresh] rebuilding @ http://localhost:3001/_next/static/chunks/node_modules_next_dist_115brz8._.js:2477
[ 8726803ms] [LOG] [Fast Refresh] done in 88ms @ http://localhost:3001/_next/static/chunks/node_modules_next_dist_115brz8._.js:2477
[ 8726926ms] [LOG] [Fast Refresh] rebuilding @ http://localhost:3001/_next/static/chunks/node_modules_next_dist_115brz8._.js:2477
[ 8726927ms] [LOG] [Fast Refresh] done in 106ms @ http://localhost:3001/_next/static/chunks/node_modules_next_dist_115brz8._.js:2477
[ 8732757ms] [LOG] [Fast Refresh] rebuilding @ http://localhost:3001/_next/static/chunks/node_modules_next_dist_115brz8._.js:2477
[ 8732763ms] [LOG] [Fast Refresh] done in 82ms @ http://localhost:3001/_next/static/chunks/node_modules_next_dist_115brz8._.js:2477
[ 8738801ms] [LOG] [Fast Refresh] rebuilding @ http://localhost:3001/_next/static/chunks/node_modules_next_dist_115brz8._.js:2477
[ 8738806ms] [LOG] [Fast Refresh] done in 78ms @ http://localhost:3001/_next/static/chunks/node_modules_next_dist_115brz8._.js:2477
[ 8738931ms] [LOG] [Fast Refresh] rebuilding @ http://localhost:3001/_next/static/chunks/node_modules_next_dist_115brz8._.js:2477
[ 8738939ms] [LOG] [Fast Refresh] done in 110ms @ http://localhost:3001/_next/static/chunks/node_modules_next_dist_115brz8._.js:2477
[ 8745553ms] [LOG] [Fast Refresh] rebuilding @ http://localhost:3001/_next/static/chunks/node_modules_next_dist_115brz8._.js:2477
[ 8745577ms] [LOG] [Fast Refresh] done in 74ms @ http://localhost:3001/_next/static/chunks/node_modules_next_dist_115brz8._.js:2477
[ 8745680ms] [LOG] [Fast Refresh] rebuilding @ http://localhost:3001/_next/static/chunks/node_modules_next_dist_115brz8._.js:2477
[ 8745688ms] [LOG] [Fast Refresh] done in 108ms @ http://localhost:3001/_next/static/chunks/node_modules_next_dist_115brz8._.js:2477
[ 8754721ms] [LOG] [Fast Refresh] rebuilding @ http://localhost:3001/_next/static/chunks/node_modules_next_dist_115brz8._.js:2477
[ 8754729ms] [LOG] [Fast Refresh] done in 70ms @ http://localhost:3001/_next/static/chunks/node_modules_next_dist_115brz8._.js:2477
[ 8754859ms] [LOG] [Fast Refresh] rebuilding @ http://localhost:3001/_next/static/chunks/node_modules_next_dist_115brz8._.js:2477
[ 8754868ms] [LOG] [Fast Refresh] done in 114ms @ http://localhost:3001/_next/static/chunks/node_modules_next_dist_115brz8._.js:2477
[ 8761968ms] [LOG] [Fast Refresh] rebuilding @ http://localhost:3001/_next/static/chunks/node_modules_next_dist_115brz8._.js:2477
[ 8761971ms] [LOG] [Fast Refresh] done in 72ms @ http://localhost:3001/_next/static/chunks/node_modules_next_dist_115brz8._.js:2477
[ 8762096ms] [LOG] [Fast Refresh] rebuilding @ http://localhost:3001/_next/static/chunks/node_modules_next_dist_115brz8._.js:2477
[ 8762097ms] [LOG] [Fast Refresh] done in 102ms @ http://localhost:3001/_next/static/chunks/node_modules_next_dist_115brz8._.js:2477
[ 8768311ms] [LOG] [Fast Refresh] rebuilding @ http://localhost:3001/_next/static/chunks/node_modules_next_dist_115brz8._.js:2477
[ 8768315ms] [LOG] [Fast Refresh] done in 57ms @ http://localhost:3001/_next/static/chunks/node_modules_next_dist_115brz8._.js:2477
[ 8859232ms] [LOG] [Fast Refresh] rebuilding @ http://localhost:3001/_next/static/chunks/node_modules_next_dist_115brz8._.js:2477
[ 8859232ms] [LOG] [Fast Refresh] done in 108ms @ http://localhost:3001/_next/static/chunks/node_modules_next_dist_115brz8._.js:2477
[ 8884235ms] [LOG] [Fast Refresh] rebuilding @ http://localhost:3001/_next/static/chunks/node_modules_next_dist_115brz8._.js:2477
[ 8884265ms] [WARNING] [Fast Refresh] performing full reload

Fast Refresh will perform a full reload when you edit a file that's imported by modules outside of the React rendering tree.
You might have a file which exports a React component but also exports a value that is imported by a non-React component file.
Consider migrating the non-React component export to a separate file and importing it into both files.

It is also possible the parent component of the component you edited is a class component, which disables Fast Refresh.
Fast Refresh requires at least one parent function component in your React tree. @ http://localhost:3001/_next/static/chunks/node_modules_next_dist_115brz8._.js:2477
[ 8884398ms] [LOG] [Fast Refresh] done in 133ms @ http://localhost:3001/_next/static/chunks/node_modules_next_dist_115brz8._.js:2477
[ 8884516ms] [LOG] [Fast Refresh] rebuilding @ http://localhost:3001/_next/static/chunks/node_modules_next_dist_115brz8._.js:2477
[ 8884597ms] [LOG] [Fast Refresh] done in 185ms @ http://localhost:3001/_next/static/chunks/node_modules_next_dist_115brz8._.js:2477
[ 8884842ms] [INFO] %cDownload the React DevTools for a better development experience: https://react.dev/link/react-devtools font-weight:bold @ http://localhost:3001/_next/static/chunks/node_modules_next_dist_115brz8._.js:2477
[ 8885009ms] [LOG] [HMR] connected @ http://localhost:3001/_next/static/chunks/node_modules_next_dist_115brz8._.js:2477
[ 8885254ms] [ERROR] Failed to load resource: the server responded with a status of 401 (Unauthorized) @ http://localhost:3002/users/me:0
[ 8968520ms] [LOG] [Fast Refresh] rebuilding @ http://localhost:3001/_next/static/chunks/node_modules_next_dist_115brz8._.js:2477
[ 8968546ms] [WARNING] [Fast Refresh] performing full reload

Fast Refresh will perform a full reload when you edit a file that's imported by modules outside of the React rendering tree.
You might have a file which exports a React component but also exports a value that is imported by a non-React component file.
Consider migrating the non-React component export to a separate file and importing it into both files.

It is also possible the parent component of the component you edited is a class component, which disables Fast Refresh.
Fast Refresh requires at least one parent function component in your React tree. @ http://localhost:3001/_next/static/chunks/node_modules_next_dist_115brz8._.js:2477
[ 8968670ms] [LOG] [Fast Refresh] done in 103ms @ http://localhost:3001/_next/static/chunks/node_modules_next_dist_115brz8._.js:2477
[ 8968796ms] [LOG] [Fast Refresh] rebuilding @ http://localhost:3001/_next/static/chunks/node_modules_next_dist_115brz8._.js:2477
[ 8968838ms] [LOG] [Fast Refresh] done in 153ms @ http://localhost:3001/_next/static/chunks/node_modules_next_dist_115brz8._.js:2477
[ 8969079ms] [INFO] %cDownload the React DevTools for a better development experience: https://react.dev/link/react-devtools font-weight:bold @ http://localhost:3001/_next/static/chunks/node_modules_next_dist_115brz8._.js:2477
[ 8969117ms] [LOG] [HMR] connected @ http://localhost:3001/_next/static/chunks/node_modules_next_dist_115brz8._.js:2477
[ 8969298ms] [ERROR] Failed to load resource: the server responded with a status of 401 (Unauthorized) @ http://localhost:3002/users/me:0
[ 9107480ms] [LOG] [Fast Refresh] rebuilding @ http://localhost:3001/_next/static/chunks/node_modules_next_dist_115brz8._.js:2477
[ 9107554ms] [LOG] [Fast Refresh] done in 181ms @ http://localhost:3001/_next/static/chunks/node_modules_next_dist_115brz8._.js:2477
[ 9114514ms] [LOG] [Fast Refresh] rebuilding @ http://localhost:3001/_next/static/chunks/node_modules_next_dist_115brz8._.js:2477
[ 9114579ms] [LOG] [Fast Refresh] done in 167ms @ http://localhost:3001/_next/static/chunks/node_modules_next_dist_115brz8._.js:2477
[ 9564684ms] [LOG] [Fast Refresh] rebuilding @ http://localhost:3001/_next/static/chunks/node_modules_next_dist_115brz8._.js:2477
[ 9564807ms] [LOG] [Fast Refresh] done in 233ms @ http://localhost:3001/_next/static/chunks/node_modules_next_dist_115brz8._.js:2477
[10899179ms] [LOG] [Fast Refresh] rebuilding @ http://localhost:3001/_next/static/chunks/node_modules_next_dist_115brz8._.js:2477
[10899304ms] [LOG] [Fast Refresh] done in 226ms @ http://localhost:3001/_next/static/chunks/node_modules_next_dist_115brz8._.js:2477
[10899411ms] [LOG] [Fast Refresh] rebuilding @ http://localhost:3001/_next/static/chunks/node_modules_next_dist_115brz8._.js:2477
[10899451ms] [LOG] [Fast Refresh] done in 144ms @ http://localhost:3001/_next/static/chunks/node_modules_next_dist_115brz8._.js:2477
[10907037ms] [LOG] [Fast Refresh] rebuilding @ http://localhost:3001/_next/static/chunks/node_modules_next_dist_115brz8._.js:2477
[10907060ms] [LOG] [Fast Refresh] done in 100ms @ http://localhost:3001/_next/static/chunks/node_modules_next_dist_115brz8._.js:2477
[10907172ms] [LOG] [Fast Refresh] rebuilding @ http://localhost:3001/_next/static/chunks/node_modules_next_dist_115brz8._.js:2477
[10907216ms] [LOG] [Fast Refresh] done in 150ms @ http://localhost:3001/_next/static/chunks/node_modules_next_dist_115brz8._.js:2477
